PS C:\Users\DHAYANAND MB\Desktop\PSC-DESTINATION\c-activity-sets\set01> gdb problem10
GNU gdb (GDB) 7.6.1
Copyright (C) 2013 Free Software Foundation, Inc.
License GPLv3+: GNU GPL version 3 or later <http://gnu.org/licenses/gpl.html>
This is free software: you are free to change and redistribute it.
There is NO WARRANTY, to the extent permitted by law.  Type "show copying"
and "show warranty" for details.
This GDB was configured as "mingw32".
For bug reporting instructions, please see:
<http://www.gnu.org/software/gdb/bugs/>...
Reading symbols from C:\Users\DHAYANAND MB\Desktop\PSC-DESTINATION\c-activity-sets\set01\problem10.exe...done.
(gdb) 13
Undefined command: "13".  Try "help".
(gdb) b 13
Breakpoint 1 at 0x4014cc: file problem10.c, line 13.
(gdb) r
Starting program: C:\Users\DHAYANAND MB\Desktop\PSC-DESTINATION\c-activity-sets\set01/problem10.exe
[New Thread 1624.0x37c8]
[New Thread 1624.0x5590]

Breakpoint 1, input_two_strings (string1=0x61feb8 "\034"2wü_a", string2=0x61fe54 "I- x"_a") at problem10.c:15
15          printf("enter the first string : ");
(gdb) n
enter the first string : 16         scanf("%s", string1);
(gdb) finish
Run till exit from #0  input_two_strings (string1=0x61feb8 "\034"2wü_a", string2=0x61fe54 "I- x"_a") at problem10.c:16     
q
enter the second string : hello
main () at problem10.c:9
9           result = stringcompare(string1, string2);
(gdb) print result
$1 = 4100096
(gdb) n
10          output(string1, string2, result);
(gdb) n
q is greater than hello
11          return 0;
(gdb) n
12      }
(gdb)
0x00401288 in __register_frame_info ()
(gdb) n
Single stepping until exit from function __register_frame_info,
which has no line number information.
0x0040128a in __register_frame_info ()
(gdb) finish
Run till exit from #0  0x0040128a in __register_frame_info ()
[Inferior 1 (process 1624) exited normally]
(gdb) q


PS C:\Users\DHAYANAND MB\Desktop\PSC-DESTINATION\c-activity-sets\set01> gcc .\problem10.c -O0 -g
PS C:\Users\DHAYANAND MB\Desktop\PSC-DESTINATION\c-activity-sets\set01> gdb a.exe
GNU gdb (GDB) 7.6.1
Copyright (C) 2013 Free Software Foundation, Inc.
License GPLv3+: GNU GPL version 3 or later <http://gnu.org/licenses/gpl.html>
This is free software: you are free to change and redistribute it.
There is NO WARRANTY, to the extent permitted by law.  Type "show copying"
and "show warranty" for details.
This GDB was configured as "mingw32".
For bug reporting instructions, please see:
<http://www.gnu.org/software/gdb/bugs/>...
Reading symbols from C:\Users\DHAYANAND MB\Desktop\PSC-DESTINATION\c-activity-sets\set01\a.exe...done.
(gdb) r
Starting program: C:\Users\DHAYANAND MB\Desktop\PSC-DESTINATION\c-activity-sets\set01/a.exe
[New Thread 17772.0x4940]
[New Thread 17772.0x2518]
enter the first string : hello
enter the second string : hellw
hello is greater than hellw
[Inferior 1 (process 17772) exited normally]
(gdb) q