PS C:\Users\DHAYANAND MB\Desktop\PSC-DESTINATION\c-activity-sets\set01> gdb problem08
GNU gdb (GDB) 7.6.1
Copyright (C) 2013 Free Software Foundation, Inc.
License GPLv3+: GNU GPL version 3 or later <http://gnu.org/licenses/gpl.html>
This is free software: you are free to change and redistribute it.
There is NO WARRANTY, to the extent permitted by law.  Type "show copying"
and "show warranty" for details.
This GDB was configured as "mingw32".
For bug reporting instructions, please see:
<http://www.gnu.org/software/gdb/bugs/>...
Reading symbols from C:\Users\DHAYANAND MB\Desktop\PSC-DESTINATION\c-activity-sets\set01\problem08.exe...done.
(gdb) 25
Undefined command: "25".  Try "help".
(gdb) b 25
Breakpoint 1 at 0x401543: file problem08.c, line 25.
(gdb) r
Starting program: C:\Users\DHAYANAND MB\Desktop\PSC-DESTINATION\c-activity-sets\set01/problem08.exe
[New Thread 8376.0x488c]
[New Thread 8376.0x6104]
enter the size of the array : 2

Breakpoint 1, input_array (n=2, a=0x61feec) at problem08.c:26
26          printf("input array : ");
(gdb) print result
No symbol "result" in current context.
(gdb) n
input array : 27            for(int i = 0; i < n; i++){
(gdb) n
28              scanf("%d", &a[i]);
(gdb) n
n
27          for(int i = 0; i < n; i++){
(gdb) n
28              scanf("%d", &a[i]);
(gdb) n
27          for(int i = 0; i < n; i++){
(gdb) n
30      }
(gdb) n
main () at problem08.c:13
13          sum = sum_n_array(n, a);
(gdb) n
14          output(n, a, sum);
(gdb) n
the sum of 2 natural numbers is 2003629600
15          return 0;
(gdb) n
16      }
(gdb) n
0x00401288 in __register_frame_info ()
(gdb) n
Single stepping until exit from function __register_frame_info,
which has no line number information.
0x0040128a in __register_frame_info ()
(gdb) finish
Run till exit from #0  0x0040128a in __register_frame_info ()
[Inferior 1 (process 8376) exited normally]
(gdb) q



PS C:\Users\DHAYANAND MB\Desktop\PSC-DESTINATION\c-activity-sets\set01> gcc problem08.c -O0 -g  
PS C:\Users\DHAYANAND MB\Desktop\PSC-DESTINATION\c-activity-sets\set01> gdb a.exe
GNU gdb (GDB) 7.6.1
Copyright (C) 2013 Free Software Foundation, Inc.
License GPLv3+: GNU GPL version 3 or later <http://gnu.org/licenses/gpl.html>
This is free software: you are free to change and redistribute it.
There is NO WARRANTY, to the extent permitted by law.  Type "show copying"
and "show warranty" for details.
This GDB was configured as "mingw32".
For bug reporting instructions, please see:
<http://www.gnu.org/software/gdb/bugs/>...
Reading symbols from C:\Users\DHAYANAND MB\Desktop\PSC-DESTINATION\c-activity-sets\set01\a.exe...done.
(gdb) q